<html>
<body>
<pre>
<h1>µVision Build Log</h1>
<h2>Tool Versions:</h2>
IDE-Version: µVision V5.33.0.0
Copyright (C) 2020 ARM Ltd and ARM Germany GmbH. All rights reserved.
License Information: Filip Maksimovic, Inria, LIC=VGXG8-3M8LR-CXAU6-DDMQ6-KIDF4-2Z5SY
 
Tool Versions:
Toolchain:       MDK-ARM Plus  Version: 5.33.0.0
Toolchain Path:  C:\Keil_v5\ARM\ARMCC\Bin
C Compiler:      Armcc.exe V5.06 update 7 (build 960)
Assembler:       Armasm.exe V5.06 update 7 (build 960)
Linker/Locator:  ArmLink.exe V5.06 update 7 (build 960)
Library Manager: ArmAr.exe V5.06 update 7 (build 960)
Hex Converter:   FromElf.exe V5.06 update 7 (build 960)
CPU DLL:         SARMCM3.DLL V5.33.0.0
Dialog DLL:      DARMCM1.DLL V1.19.4.0
Target DLL:      UL2CM3.DLL V1.163.9.0
Dialog DLL:      TARMCM1.DLL V1.14.3.0
 
<h2>Project:</h2>
C:\Users\fmaksimo\openwsn-develop-scum\openwsn-fw\projects\scum\03oos_openwsn\03oos_openwsn.uvprojx
Project File Date:  05/25/2023

<h2>Output:</h2>
*** Using Compiler 'V5.06 update 7 (build 960)', folder: 'C:\Keil_v5\ARM\ARMCC\Bin'
Build target 'Target SCuM'
compiling uart.c...
linking...
.\Objects\03oos_openwsn.axf: Warning: L6305W: Image does not have an entry point. (Not specified or not set due to multiple choices.)
Program Size: Code=54876 RO-data=1368 RW-data=148 ZI-data=16940  
Finished: 0 information, 1 warning and 0 error messages.
After Build - User command #1: fromelf --bin .\Objects\03oos_openwsn.axf -o .\Objects\03oos_openwsn.bin
After Build - User command #2: fromelf -cvf .\Objects\03oos_openwsn.axf -o .\Objects\disasm.txt
".\Objects\03oos_openwsn.axf" - 0 Error(s), 1 Warning(s).

<h2>Software Packages used:</h2>

Package Vendor: ARM
                http://www.keil.com/pack/ARM.CMSIS.5.7.0.pack
                ARM.CMSIS.5.7.0
                CMSIS (Cortex Microcontroller Software Interface Standard)

<h2>Collection of Component include folders:</h2>
  C:\Users\fmaksimo\AppData\Local\Arm\Packs\ARM\CMSIS\5.7.0\Device\ARM\ARMCM0\Include

<h2>Collection of Component Files used:</h2>
Build Time Elapsed:  00:00:01
</pre>
</body>
</html>
